max_provinces = 1080

definitions = "definition.csv"
provinces = "provinces.bmp"
positions = "positions.txt"
terrain = "terrain.bmp"
rivers = "rivers.bmp"
terrain_definition = "terrain.txt"
heightmap = "topology.bmp"
tree_definition = "trees.bmp"
continent = "continent.txt"
adjacencies = "adjacencies.csv"
climate = "climate.txt"
region = "island_region.txt"
geographical_region = "geographical_region.txt"
static = "statics"
seasons = "seasons.txt"

# European Seas
sea_zones = { 280 314 }
sea_zones = { 323 327 }
sea_zones = { 366 383 }
sea_zones = { 387 412 }
sea_zones = { 472 476 }
sea_zones = { 496 497 }
sea_zones = { 507 517 }
sea_zones = { 564 564 }
sea_zones = { 565 565 }
sea_zones = { 602 613 }	# 10
sea_zones = { 619 623 }		
sea_zones = { 647 654 }
sea_zones = { 734 734 }
sea_zones = { 758 769 }
sea_zones = { 802 802 }
sea_zones = { 803 807 }
sea_zones = { 808 808 }
sea_zones = { 825 825 }
sea_zones = { 868 883 }
sea_zones = { 899 900 } # 20
sea_zones = { 901 901 }
sea_zones = { 917 918 }
sea_zones = { 928 929 }
sea_zones = { 1003 1007 }

ocean_region = {
	sea_zones = { 1 2 3 4 5 6 7 8 10 11 12 13 14 15 17 18 19 20 22 23 24 }
}

# Define which indices in trees.bmp palette which should count as trees for automatic terrain assignment
tree = { 3 4 7 10 }
major_rivers = { 
	366 367					# Thames
	323 368					# Bann and Loch nEachach
	387						# Severn
	388						# Somme
	389 390	391 392			# Seine
	393 394					# Oise
	395						# Aisne
	396 397					# Marne
	398 399					# Yonne
	400 401 402 403 404		# Loire
	405 406					# Vienne
	602						# Vilaine
	603 604					# Charente
	605 606					# Garonne
	607						# Dordogne
	608	917					# Adour
	611						# Eider
	612						# Treene
	613						# Schlei
	619 620 621 			# Scheldt
	622						# Lys
	623						# Yser
	647						# Ure
	648						# Ouse
	649						# Trent
	650						# Nene
	651						# Great Ouse
	652 653 				# Ems
	802 					# Göta älv
	808 					# IJ
	868 869 870 871 872 873	# Rhine
	874						# Waal
	875 876 877 878 879		# Meuse
	880 881					# Moselle
	882						# IJssel
	883						# Utrechtse Vecht
	918						# Gave de Pau
	928 929 382	327			# Shannon, Loch Deirgeirt, and Loch Ri
	1003 1004 1005 			# Rhone
	1006 1007				# Saone
}

externals = { }